  auctex             11.88.9       installed             Integrated environment for *TeX*
  bookmark+          20151107.847  installed             Bookmark+: extensions to standard library `bookmark.el'.
  csv-mode           1.5           installed             Major mode for editing comma/char separated values
  dired+             20151110.921  installed             Extensions to Dired.
  dired-sort-menu    20130824.507  installed             provide menu/dialogue for dired sort options
  dired-sort-menu+   20150104.1351 installed             Extensions to `dired-sort-menu.el'
  elpy               20151101.401  installed             Emacs Python Development Environment
  icicles            20151015.1551 installed             Minibuffer input completion and cycling.
  magit              20151111.1855 installed             A Git porcelain inside Emacs
  markdown-mode      20160119.1103 installed             Emacs Major mode for Markdown-formatted text files
  org                20151005      installed             Outline-based notes management and organizer
  yaml-mode          20150816.2235 installed             Major mode for editing YAML files
  yasnippet          20151108.1505 installed             Yet another snippet extension for Emacs.
